#-----------------------------------------------------------
# Vivado v2023.1.1 (64-bit)
# SW Build 3900603 on Fri Jun 16 19:31:24 MDT 2023
# IP Build 3900379 on Sat Jun 17 05:28:05 MDT 2023
# SharedData Build 3899622 on Fri Jun 16 03:34:24 MDT 2023
# Start of session at: Tue Jan 27 04:55:51 2026
# Process ID: 19940
# Current directory: C:/Repo-Asus-2026/VHDL-Basys3/Secuenciales/ContadorHabilitador/ContadorBinario.runs/impl_1
# Command line: vivado.exe -log SupContador.vdi -applog -product Vivado -messageDb vivado.pb -mode batch -source SupContador.tcl -notrace
# Log file: C:/Repo-Asus-2026/VHDL-Basys3/Secuenciales/ContadorHabilitador/ContadorBinario.runs/impl_1/SupContador.vdi
# Journal file: C:/Repo-Asus-2026/VHDL-Basys3/Secuenciales/ContadorHabilitador/ContadorBinario.runs/impl_1\vivado.jou
# Running On: Cesar, OS: Windows, CPU Frequency: 2794 MHz, CPU Physical cores: 8, Host memory: 16407 MB
#-----------------------------------------------------------
source SupContador.tcl -notrace
